Activating environment: triangle-splatting2
Running target: pip
With arguments: install --no-build-isolation -r requirements.txt
Collecting mmengine (from -r requirements.txt (line 2))
  Using cached mmengine-0.10.7-py3-none-any.whl.metadata (20 kB)
Collecting mmcv (from -r requirements.txt (line 3))
  Using cached mmcv-2.2.0-cp311-cp311-linux_x86_64.whl
Collecting lpips (from -r requirements.txt (line 4))
  Using cached lpips-0.1.4-py3-none-any.whl.metadata (10 kB)
Collecting plyfile (from -r requirements.txt (line 5))
  Using cached plyfile-1.1.5-py3-none-any.whl.metadata (43 kB)
Collecting timm (from -r requirements.txt (line 6))
  Using cached timm-1.0.30-py3-none-any.whl.metadata (33 kB)
Collecting pygame (from -r requirements.txt (line 7))
  Using cached pygame-2.6.1-cp311-cp311-manylinux_2_17_x86_64.manylinux2014_x86_64.whl.metadata (12 kB)
Collecting cmake (from -r requirements.txt (line 8))
  Using cached cmake-4.4.3-py3-none-manylinux2014_x86_64.manylinux_2_17_x86_64.whl.metadata (7.0 kB)
Collecting mediapy (from -r requirements.txt (line 9))
  Using cached mediapy-1.2.7-py3-none-any.whl.metadata (4.8 kB)
Collecting opencv-python (from -r requirements.txt (line 10))
  Using cached opencv_python-5.0.0.93-cp37-abi3-manylinux_2_28_x86_64.whl.metadata (19 kB)
Collecting matplotlib (from -r requirements.txt (line 11))
  Using cached matplotlib-3.11.2-cp311-cp311-manylinux2014_x86_64.manylinux_2_17_x86_64.whl.metadata (80 kB)
Collecting pybind11 (from -r requirements.txt (line 12))
  Using cached pybind11-3.1.0-py3-none-any.whl.metadata (10 kB)
Collecting trimesh (from -r requirements.txt (line 13))
  Using cached trimesh-5.1.0-py3-none-any.whl.metadata (13 kB)
Collecting addict (from mmengine->-r requirements.txt (line 2))
  Using cached addict-2.4.0-py3-none-any.whl.metadata (1.0 kB)
Requirement already satisfied: numpy in /home/hensemberk/.local/lib/python3.11/site-packages (from mmengine->-r requirements.txt (line 2)) (1.26.4)
Collecting pyyaml (from mmengine->-r requirements.txt (line 2))
  Using cached pyyaml-6.0.3-cp311-cp311-manylinux2014_x86_64.manylinux_2_17_x86_64.manylinux_2_28_x86_64.whl.metadata (2.4 kB)
Collecting rich (from mmengine->-r requirements.txt (line 2))
  Using cached rich-15.0.0-py3-none-any.whl.metadata (18 kB)
Collecting termcolor (from mmengine->-r requirements.txt (line 2))
  Using cached termcolor-3.3.0-py3-none-any.whl.metadata (6.5 kB)
Collecting yapf (from mmengine->-r requirements.txt (line 2))
  Using cached yapf-0.43.0-py3-none-any.whl.metadata (46 kB)
Requirement already satisfied: packaging in /home/hensemberk/.conda/envs/triangle-splatting2/lib/python3.11/site-packages (from mmcv->-r requirements.txt (line 3)) (26.3)
Requirement already satisfied: Pillow in /home/hensemberk/.conda/envs/triangle-splatting2/lib/python3.11/site-packages (from mmcv->-r requirements.txt (line 3)) (12.3.0)
Requirement already satisfied: torch>=0.4.0 in /home/hensemberk/.conda/envs/triangle-splatting2/lib/python3.11/site-packages (from lpips->-r requirements.txt (line 4)) (2.10.0+cu130)
Requirement already satisfied: torchvision>=0.2.1 in /home/hensemberk/.conda/envs/triangle-splatting2/lib/python3.11/site-packages (from lpips->-r requirements.txt (line 4)) (0.25.0+cu130)
Collecting scipy>=1.0.1 (from lpips->-r requirements.txt (line 4))
  Using cached scipy-1.17.1-cp311-cp311-manylinux_2_27_x86_64.manylinux_2_28_x86_64.whl.metadata (62 kB)
Requirement already satisfied: tqdm>=4.28.1 in /home/hensemberk/.conda/envs/triangle-splatting2/lib/python3.11/site-packages (from lpips->-r requirements.txt (line 4)) (4.70.1)
Collecting numpy (from mmengine->-r requirements.txt (line 2))
  Using cached numpy-2.4.6-cp311-cp311-manylinux_2_27_x86_64.manylinux_2_28_x86_64.whl.metadata (6.6 kB)
Collecting huggingface_hub (from timm->-r requirements.txt (line 6))
  Using cached huggingface_hub-2.0.0-py3-none-any.whl.metadata (16 kB)
Collecting safetensors (from timm->-r requirements.txt (line 6))
  Using cached safetensors-0.8.0-cp310-abi3-manylinux_2_17_x86_64.manylinux2014_x86_64.whl.metadata (4.2 kB)
Collecting ipython (from mediapy->-r requirements.txt (line 9))
  Using cached ipython-9.17.1-py3-none-any.whl.metadata (4.6 kB)
Collecting contourpy>=1.0.1 (from matplotlib->-r requirements.txt (line 11))
  Using cached contourpy-1.3.3-cp311-cp311-manylinux_2_27_x86_64.manylinux_2_28_x86_64.whl.metadata (5.5 kB)
Collecting cycler>=0.10 (from matplotlib->-r requirements.txt (line 11))
  Using cached cycler-0.12.1-py3-none-any.whl.metadata (3.8 kB)
Collecting fonttools>=4.28.2 (from matplotlib->-r requirements.txt (line 11))
  Using cached fonttools-4.66.0-cp311-cp311-manylinux2014_x86_64.manylinux_2_17_x86_64.whl.metadata (129 kB)
Collecting kiwisolver>=1.3.1 (from matplotlib->-r requirements.txt (line 11))
  Using cached kiwisolver-1.5.1-cp311-cp311-manylinux2014_x86_64.manylinux_2_17_x86_64.whl.metadata (5.2 kB)
Collecting pyparsing>=3 (from matplotlib->-r requirements.txt (line 11))
  Using cached pyparsing-3.3.3-py3-none-any.whl.metadata (5.9 kB)
Collecting python-dateutil>=2.7 (from matplotlib->-r requirements.txt (line 11))
  Using cached python_dateutil-2.9.0.post0-py2.py3-none-any.whl.metadata (8.4 kB)
Collecting six>=1.5 (from python-dateutil>=2.7->matplotlib->-r requirements.txt (line 11))
  Using cached six-1.17.0-py2.py3-none-any.whl.metadata (1.7 kB)
Requirement already satisfied: filelock in /home/hensemberk/.conda/envs/triangle-splatting2/lib/python3.11/site-packages (from torch>=0.4.0->lpips->-r requirements.txt (line 4)) (4.0.1)
Requirement already satisfied: typing-extensions>=4.10.0 in /home/hensemberk/.conda/envs/triangle-splatting2/lib/python3.11/site-packages (from torch>=0.4.0->lpips->-r requirements.txt (line 4)) (4.16.0)
Requirement already satisfied: sympy>=1.13.3 in /home/hensemberk/.conda/envs/triangle-splatting2/lib/python3.11/site-packages (from torch>=0.4.0->lpips->-r requirements.txt (line 4)) (1.14.0)
Requirement already satisfied: networkx>=2.5.1 in /home/hensemberk/.conda/envs/triangle-splatting2/lib/python3.11/site-packages (from torch>=0.4.0->lpips->-r requirements.txt (line 4)) (3.6.1)
Requirement already satisfied: jinja2 in /home/hensemberk/.conda/envs/triangle-splatting2/lib/python3.11/site-packages (from torch>=0.4.0->lpips->-r requirements.txt (line 4)) (3.1.6)
Requirement already satisfied: fsspec>=0.8.5 in /home/hensemberk/.conda/envs/triangle-splatting2/lib/python3.11/site-packages (from torch>=0.4.0->lpips->-r requirements.txt (line 4)) (2026.9.0)
Requirement already satisfied: cuda-bindings==13.0.3 in /home/hensemberk/.conda/envs/triangle-splatting2/lib/python3.11/site-packages (from torch>=0.4.0->lpips->-r requirements.txt (line 4)) (13.0.3)
Requirement already satisfied: nvidia-cuda-nvrtc==13.0.88 in /home/hensemberk/.conda/envs/triangle-splatting2/lib/python3.11/site-packages (from torch>=0.4.0->lpips->-r requirements.txt (line 4)) (13.0.88)
Requirement already satisfied: nvidia-cuda-runtime==13.0.96 in /home/hensemberk/.conda/envs/triangle-splatting2/lib/python3.11/site-packages (from torch>=0.4.0->lpips->-r requirements.txt (line 4)) (13.0.96)
Requirement already satisfied: nvidia-cuda-cupti==13.0.85 in /home/hensemberk/.conda/envs/triangle-splatting2/lib/python3.11/site-packages (from torch>=0.4.0->lpips->-r requirements.txt (line 4)) (13.0.85)
Requirement already satisfied: nvidia-cudnn-cu13==9.15.1.9 in /home/hensemberk/.conda/envs/triangle-splatting2/lib/python3.11/site-packages (from torch>=0.4.0->lpips->-r requirements.txt (line 4)) (9.15.1.9)
Requirement already satisfied: nvidia-cublas==13.1.0.3 in /home/hensemberk/.conda/envs/triangle-splatting2/lib/python3.11/site-packages (from torch>=0.4.0->lpips->-r requirements.txt (line 4)) (13.1.0.3)
Requirement already satisfied: nvidia-cufft==12.0.0.61 in /home/hensemberk/.conda/envs/triangle-splatting2/lib/python3.11/site-packages (from torch>=0.4.0->lpips->-r requirements.txt (line 4)) (12.0.0.61)
Requirement already satisfied: nvidia-curand==10.4.0.35 in /home/hensemberk/.conda/envs/triangle-splatting2/lib/python3.11/site-packages (from torch>=0.4.0->lpips->-r requirements.txt (line 4)) (10.4.0.35)
Requirement already satisfied: nvidia-cusolver==12.0.4.66 in /home/hensemberk/.conda/envs/triangle-splatting2/lib/python3.11/site-packages (from torch>=0.4.0->lpips->-r requirements.txt (line 4)) (12.0.4.66)
Requirement already satisfied: nvidia-cusparse==12.6.3.3 in /home/hensemberk/.conda/envs/triangle-splatting2/lib/python3.11/site-packages (from torch>=0.4.0->lpips->-r requirements.txt (line 4)) (12.6.3.3)
Requirement already satisfied: nvidia-cusparselt-cu13==0.8.0 in /home/hensemberk/.conda/envs/triangle-splatting2/lib/python3.11/site-packages (from torch>=0.4.0->lpips->-r requirements.txt (line 4)) (0.8.0)
Requirement already satisfied: nvidia-nccl-cu13==2.28.9 in /home/hensemberk/.conda/envs/triangle-splatting2/lib/python3.11/site-packages (from torch>=0.4.0->lpips->-r requirements.txt (line 4)) (2.28.9)
Requirement already satisfied: nvidia-nvshmem-cu13==3.4.5 in /home/hensemberk/.conda/envs/triangle-splatting2/lib/python3.11/site-packages (from torch>=0.4.0->lpips->-r requirements.txt (line 4)) (3.4.5)
Requirement already satisfied: nvidia-nvtx==13.0.85 in /home/hensemberk/.conda/envs/triangle-splatting2/lib/python3.11/site-packages (from torch>=0.4.0->lpips->-r requirements.txt (line 4)) (13.0.85)
Requirement already satisfied: nvidia-nvjitlink==13.0.88 in /home/hensemberk/.conda/envs/triangle-splatting2/lib/python3.11/site-packages (from torch>=0.4.0->lpips->-r requirements.txt (line 4)) (13.0.88)
Requirement already satisfied: nvidia-cufile==1.15.1.6 in /home/hensemberk/.conda/envs/triangle-splatting2/lib/python3.11/site-packages (from torch>=0.4.0->lpips->-r requirements.txt (line 4)) (1.15.1.6)
Requirement already satisfied: triton==3.6.0 in /home/hensemberk/.conda/envs/triangle-splatting2/lib/python3.11/site-packages (from torch>=0.4.0->lpips->-r requirements.txt (line 4)) (3.6.0)
Requirement already satisfied: cuda-pathfinder~=1.1 in /home/hensemberk/.conda/envs/triangle-splatting2/lib/python3.11/site-packages (from cuda-bindings==13.0.3->torch>=0.4.0->lpips->-r requirements.txt (line 4)) (1.8.2)
Requirement already satisfied: mpmath<1.4,>=1.1.0 in /home/hensemberk/.conda/envs/triangle-splatting2/lib/python3.11/site-packages (from sympy>=1.13.3->torch>=0.4.0->lpips->-r requirements.txt (line 4)) (1.3.0)
Collecting click<9.0.0,>=8.4.2 (from huggingface_hub->timm->-r requirements.txt (line 6))
  Using cached click-8.5.0-py3-none-any.whl.metadata (2.6 kB)
Collecting hf-xet<2.0.0,>=1.6.0 (from huggingface_hub->timm->-r requirements.txt (line 6))
  Using cached hf_xet-1.6.0-cp38-abi3-manylinux2014_x86_64.manylinux_2_17_x86_64.whl.metadata (4.9 kB)
Collecting httpx2<3,>=2.0.0 (from huggingface_hub->timm->-r requirements.txt (line 6))
  Using cached httpx2-2.13.1-py3-none-any.whl.metadata (9.8 kB)
Collecting anyio>=4.10 (from httpx2<3,>=2.0.0->huggingface_hub->timm->-r requirements.txt (line 6))
  Using cached anyio-4.15.1-py3-none-any.whl.metadata (4.7 kB)
Collecting httpcore2==2.13.1 (from httpx2<3,>=2.0.0->huggingface_hub->timm->-r requirements.txt (line 6))
  Using cached httpcore2-2.13.1-py3-none-any.whl.metadata (26 kB)
Collecting idna>=3.18 (from httpx2<3,>=2.0.0->huggingface_hub->timm->-r requirements.txt (line 6))
  Using cached idna-3.20-py3-none-any.whl.metadata (7.2 kB)
Collecting truststore>=0.10 (from httpx2<3,>=2.0.0->huggingface_hub->timm->-r requirements.txt (line 6))
  Using cached truststore-0.10.4-py3-none-any.whl.metadata (4.4 kB)
Collecting h11>=0.16 (from httpcore2==2.13.1->httpx2<3,>=2.0.0->huggingface_hub->timm->-r requirements.txt (line 6))
  Using cached h11-0.16.0-py3-none-any.whl.metadata (8.3 kB)
Collecting ipython-pygments-lexers>=1.0.0 (from ipython->mediapy->-r requirements.txt (line 9))
  Using cached ipython_pygments_lexers-1.1.1-py3-none-any.whl.metadata (1.1 kB)
Collecting jedi>=0.18.2 (from ipython->mediapy->-r requirements.txt (line 9))
  Using cached jedi-0.20.0-py2.py3-none-any.whl.metadata (23 kB)
Collecting matplotlib-inline>=0.1.6 (from ipython->mediapy->-r requirements.txt (line 9))
  Using cached matplotlib_inline-0.2.2-py3-none-any.whl.metadata (2.4 kB)
Collecting pexpect>4.6 (from ipython->mediapy->-r requirements.txt (line 9))
  Using cached pexpect-4.9.0-py2.py3-none-any.whl.metadata (2.5 kB)
Collecting prompt_toolkit<3.1.0,>=3.0.41 (from ipython->mediapy->-r requirements.txt (line 9))
  Using cached prompt_toolkit-3.0.53-py3-none-any.whl.metadata (6.4 kB)
Collecting psutil>=7 (from ipython->mediapy->-r requirements.txt (line 9))
  Using cached psutil-7.2.2-cp36-abi3-manylinux2010_x86_64.manylinux_2_12_x86_64.manylinux_2_28_x86_64.whl.metadata (22 kB)
Collecting pygments>=2.14.0 (from ipython->mediapy->-r requirements.txt (line 9))
  Using cached pygments-2.21.0-py3-none-any.whl.metadata (2.5 kB)
Collecting stack_data>=0.6.0 (from ipython->mediapy->-r requirements.txt (line 9))
  Using cached stack_data-0.6.3-py3-none-any.whl.metadata (18 kB)
Collecting traitlets>=5.13.0 (from ipython->mediapy->-r requirements.txt (line 9))
  Using cached traitlets-5.16.1-py3-none-any.whl.metadata (10 kB)
Collecting wcwidth>=0.1.4 (from prompt_toolkit<3.1.0,>=3.0.41->ipython->mediapy->-r requirements.txt (line 9))
  Using cached wcwidth-0.9.1-cp310-abi3-manylinux2014_x86_64.manylinux_2_17_x86_64.whl.metadata (23 kB)
Collecting parso<0.9.0,>=0.8.6 (from jedi>=0.18.2->ipython->mediapy->-r requirements.txt (line 9))
  Using cached parso-0.8.7-py2.py3-none-any.whl.metadata (8.2 kB)
Collecting ptyprocess>=0.5 (from pexpect>4.6->ipython->mediapy->-r requirements.txt (line 9))
  Using cached ptyprocess-0.7.0-py2.py3-none-any.whl.metadata (1.3 kB)
Collecting executing>=1.2.0 (from stack_data>=0.6.0->ipython->mediapy->-r requirements.txt (line 9))
  Using cached executing-2.2.1-py2.py3-none-any.whl.metadata (8.9 kB)
Collecting asttokens>=2.1.0 (from stack_data>=0.6.0->ipython->mediapy->-r requirements.txt (line 9))
  Using cached asttokens-3.0.2-py3-none-any.whl.metadata (5.7 kB)
Collecting pure-eval (from stack_data>=0.6.0->ipython->mediapy->-r requirements.txt (line 9))
  Using cached pure_eval-0.2.4-py3-none-any.whl.metadata (6.4 kB)
Requirement already satisfied: MarkupSafe>=2.0 in /home/hensemberk/.conda/envs/triangle-splatting2/lib/python3.11/site-packages (from jinja2->torch>=0.4.0->lpips->-r requirements.txt (line 4)) (3.0.3)
Collecting markdown-it-py>=2.2.0 (from rich->mmengine->-r requirements.txt (line 2))
  Using cached markdown_it_py-4.2.0-py3-none-any.whl.metadata (7.4 kB)
Collecting mdurl~=0.1 (from markdown-it-py>=2.2.0->rich->mmengine->-r requirements.txt (line 2))
  Using cached mdurl-0.1.2-py3-none-any.whl.metadata (1.6 kB)
Collecting platformdirs>=3.5.1 (from yapf->mmengine->-r requirements.txt (line 2))
  Using cached platformdirs-4.11.12-py3-none-any.whl.metadata (5.5 kB)
Using cached mmengine-0.10.7-py3-none-any.whl (452 kB)
Using cached lpips-0.1.4-py3-none-any.whl (53 kB)
Using cached plyfile-1.1.5-py3-none-any.whl (36 kB)
Using cached timm-1.0.30-py3-none-any.whl (2.7 MB)
Using cached pygame-2.6.1-cp311-cp311-manylinux_2_17_x86_64.manylinux2014_x86_64.whl (14.0 MB)
Using cached cmake-4.4.3-py3-none-manylinux2014_x86_64.manylinux_2_17_x86_64.whl (30.2 MB)
Using cached mediapy-1.2.7-py3-none-any.whl (28 kB)
Using cached opencv_python-5.0.0.93-cp37-abi3-manylinux_2_28_x86_64.whl (73.8 MB)
Using cached matplotlib-3.11.2-cp311-cp311-manylinux2014_x86_64.manylinux_2_17_x86_64.whl (9.9 MB)
Using cached pybind11-3.1.0-py3-none-any.whl (319 kB)
Using cached trimesh-5.1.0-py3-none-any.whl (750 kB)
Using cached contourpy-1.3.3-cp311-cp311-manylinux_2_27_x86_64.manylinux_2_28_x86_64.whl (355 kB)
Using cached cycler-0.12.1-py3-none-any.whl (8.3 kB)
Using cached fonttools-4.66.0-cp311-cp311-manylinux2014_x86_64.manylinux_2_17_x86_64.whl (5.4 MB)
Using cached kiwisolver-1.5.1-cp311-cp311-manylinux2014_x86_64.manylinux_2_17_x86_64.whl (1.4 MB)
Using cached numpy-2.4.6-cp311-cp311-manylinux_2_27_x86_64.manylinux_2_28_x86_64.whl (16.9 MB)
Using cached pyparsing-3.3.3-py3-none-any.whl (126 kB)
Using cached python_dateutil-2.9.0.post0-py2.py3-none-any.whl (229 kB)
Using cached scipy-1.17.1-cp311-cp311-manylinux_2_27_x86_64.manylinux_2_28_x86_64.whl (35.3 MB)
Using cached six-1.17.0-py2.py3-none-any.whl (11 kB)
Using cached addict-2.4.0-py3-none-any.whl (3.8 kB)
Using cached huggingface_hub-2.0.0-py3-none-any.whl (828 kB)
Using cached click-8.5.0-py3-none-any.whl (125 kB)
Using cached hf_xet-1.6.0-cp38-abi3-manylinux2014_x86_64.manylinux_2_17_x86_64.whl (4.5 MB)
Using cached httpx2-2.13.1-py3-none-any.whl (95 kB)
Using cached httpcore2-2.13.1-py3-none-any.whl (83 kB)
Using cached anyio-4.15.1-py3-none-any.whl (132 kB)
Using cached h11-0.16.0-py3-none-any.whl (37 kB)
Using cached idna-3.20-py3-none-any.whl (69 kB)
Using cached pyyaml-6.0.3-cp311-cp311-manylinux2014_x86_64.manylinux_2_17_x86_64.manylinux_2_28_x86_64.whl (806 kB)
Using cached truststore-0.10.4-py3-none-any.whl (18 kB)
Using cached ipython-9.17.1-py3-none-any.whl (639 kB)
Using cached prompt_toolkit-3.0.53-py3-none-any.whl (392 kB)
Using cached ipython_pygments_lexers-1.1.1-py3-none-any.whl (8.1 kB)
Using cached jedi-0.20.0-py2.py3-none-any.whl (4.9 MB)
Using cached parso-0.8.7-py2.py3-none-any.whl (107 kB)
Using cached matplotlib_inline-0.2.2-py3-none-any.whl (9.5 kB)
Using cached pexpect-4.9.0-py2.py3-none-any.whl (63 kB)
Using cached psutil-7.2.2-cp36-abi3-manylinux2010_x86_64.manylinux_2_12_x86_64.manylinux_2_28_x86_64.whl (155 kB)
Using cached ptyprocess-0.7.0-py2.py3-none-any.whl (13 kB)
Using cached pygments-2.21.0-py3-none-any.whl (1.3 MB)
Using cached stack_data-0.6.3-py3-none-any.whl (24 kB)
Using cached asttokens-3.0.2-py3-none-any.whl (28 kB)
Using cached executing-2.2.1-py2.py3-none-any.whl (28 kB)
Using cached traitlets-5.16.1-py3-none-any.whl (86 kB)
Using cached wcwidth-0.9.1-cp310-abi3-manylinux2014_x86_64.manylinux_2_17_x86_64.whl (768 kB)
Using cached pure_eval-0.2.4-py3-none-any.whl (11 kB)
Using cached rich-15.0.0-py3-none-any.whl (310 kB)
Using cached markdown_it_py-4.2.0-py3-none-any.whl (91 kB)
Using cached mdurl-0.1.2-py3-none-any.whl (10.0 kB)
Using cached safetensors-0.8.0-cp310-abi3-manylinux_2_17_x86_64.manylinux2014_x86_64.whl (516 kB)
Using cached termcolor-3.3.0-py3-none-any.whl (7.7 kB)
Using cached yapf-0.43.0-py3-none-any.whl (256 kB)
Using cached platformdirs-4.11.12-py3-none-any.whl (24 kB)
Installing collected packages: pure-eval, ptyprocess, addict, wcwidth, truststore, traitlets, termcolor, six, safetensors, pyyaml, pyparsing, pygments, pygame, pybind11, psutil, platformdirs, pexpect, parso, numpy, mdurl, kiwisolver, idna, hf-xet, h11, fonttools, executing, cycler, cmake, click, asttokens, yapf, trimesh, stack_data, scipy, python-dateutil, prompt_toolkit, plyfile, opencv-python, matplotlib-inline, markdown-it-py, jedi, ipython-pygments-lexers, httpcore2, contourpy, anyio, rich, matplotlib, ipython, httpx2, mmengine, mediapy, huggingface_hub, timm, mmcv, lpips
  Attempting uninstall: numpy
    Found existing installation: numpy 1.26.4
    Uninstalling numpy-1.26.4:
      Successfully uninstalled numpy-1.26.4

Successfully installed addict-2.4.0 anyio-4.15.1 asttokens-3.0.2 click-8.5.0 cmake-4.4.3 contourpy-1.3.3 cycler-0.12.1 executing-2.2.1 fonttools-4.66.0 h11-0.16.0 hf-xet-1.6.0 httpcore2-2.13.1 httpx2-2.13.1 huggingface_hub-2.0.0 idna-3.20 ipython-9.17.1 ipython-pygments-lexers-1.1.1 jedi-0.20.0 kiwisolver-1.5.1 lpips-0.1.4 markdown-it-py-4.2.0 matplotlib-3.11.2 matplotlib-inline-0.2.2 mdurl-0.1.2 mediapy-1.2.7 mmcv-2.2.0 mmengine-0.10.7 numpy-2.4.6 opencv-python-5.0.0.93 parso-0.8.7 pexpect-4.9.0 platformdirs-4.11.12 plyfile-1.1.5 prompt_toolkit-3.0.53 psutil-7.2.2 ptyprocess-0.7.0 pure-eval-0.2.4 pybind11-3.1.0 pygame-2.6.1 pygments-2.21.0 pyparsing-3.3.3 python-dateutil-2.9.0.post0 pyyaml-6.0.3 rich-15.0.0 safetensors-0.8.0 scipy-1.17.1 six-1.17.0 stack_data-0.6.3 termcolor-3.3.0 timm-1.0.30 traitlets-5.16.1 trimesh-5.1.0 truststore-0.10.4 wcwidth-0.9.1 yapf-0.43.0
